#-----------------------------------------------------------
# Vivado v2023.2 (64-bit)
# SW Build 4029153 on Fri Oct 13 20:13:54 MDT 2023
# IP Build 4028589 on Sat Oct 14 00:45:43 MDT 2023
# SharedData Build 4025554 on Tue Oct 10 17:18:54 MDT 2023
# Start of session at: Thu Nov 21 23:39:13 2024
# Process ID: 1066581
# Current directory: /mnt/build/fukun/pan_vivado/pan_viva/pan_viva.runs/PAN_TEST_clk_wiz_0_0_synth_1
# Command line: vivado -log PAN_TEST_clk_wiz_0_0.vds -product Vivado -mode batch -messageDb vivado.pb -notrace -source PAN_TEST_clk_wiz_0_0.tcl
# Log file: /mnt/build/fukun/pan_vivado/pan_viva/pan_viva.runs/PAN_TEST_clk_wiz_0_0_synth_1/PAN_TEST_clk_wiz_0_0.vds
# Journal file: /mnt/build/fukun/pan_vivado/pan_viva/pan_viva.runs/PAN_TEST_clk_wiz_0_0_synth_1/vivado.jou
# Running On: fpga-tools, OS: Linux, CPU Frequency: 2893.202 MHz, CPU Physical cores: 16, Host memory: 135075 MB
#-----------------------------------------------------------
source PAN_TEST_clk_wiz_0_0.tcl -notrace
